<?xml version="1.0" encoding="UTF-8"?>
<TestRun id="a2027928-8f34-4827-95ed-19cf9f79fa30" name="jpickering@VAIOSSD 2015-04-22 20:37:01" runUser="VaioSSD\jpickering" xmlns="http://microsoft.com/schemas/VisualStudio/TeamTest/2010">
  <TestSettings name="Local" id="f9872536-3300-45e2-8d5a-1d6d5e11baff">
    <Description>These are default test settings for a local test run.</Description>
    <Deployment enabled="false" runDeploymentRoot="jpickering_VAIOSSD 2015-04-22 20_37_01">
      <DeploymentItem filename="C:\CM0721\OrderMgt\bin\Debug\OrderMgt.exe" />
    </Deployment>
    <Execution>
      <TestTypeSpecific />
      <AgentRule name="Execution Agents">
      </AgentRule>
    </Execution>
  </TestSettings>
  <Times creation="2015-04-22T20:37:01.5977082+01:00" queuing="2015-04-22T20:37:03.3078060+01:00" start="2015-04-22T20:37:03.4098118+01:00" finish="2015-04-22T20:38:24.9894779+01:00" />
  <ResultSummary outcome="Error">
    <Counters total="4" executed="4" passed="3" error="0" failed="0" timeout="0" aborted="1" inconclusive="0" passedButRunAborted="0" notRunnable="0" notExecuted="0" disconnected="0" warning="0" completed="0" inProgress="0" pending="0" />
    <RunInfos>
      <RunInfo computerName="VAIOSSD" outcome="Error" timestamp="2015-04-22T20:38:24.9884779+01:00">
        <Text>Test host process exited unexpectedly.</Text>
      </RunInfo>
    </RunInfos>
  </ResultSummary>
  <TestDefinitions>
    <UnitTest name="TestFactoryBuilding" storage="c:\cm0721\ordermgttest\bin\debug\ordermgttest.dll" id="25c0c5d5-ac4c-dd4a-9c8c-10a7524dc0d3">
      <Execution id="c28e0441-f0a8-4000-84f3-9fa9e83206c4" />
      <TestMethod codeBase="C:/CM0721/OrderMgtTest/bin/Debug/OrderMgtTest.DLL" adapterTypeName="Microsoft.VisualStudio.TestTools.TestTypes.Unit.UnitTestAdapter, Microsoft.VisualStudio.QualityTools.Tips.UnitTest.Adapter, Version=10.0.0.0, Culture=neutral, PublicKeyToken=b03f5f7f11d50a3a" className="OrderMgtTest.UnitTest1, OrderMgtTest, Version=1.0.0.0, Culture=neutral, PublicKeyToken=null" name="TestFactoryBuilding" />
    </UnitTest>
    <UnitTest name="TesCustomerWithoutName" storage="c:\cm0721\ordermgttest\bin\debug\ordermgttest.dll" id="b166dc93-a169-8afd-c36a-dec1f27f4af4">
      <Execution id="a582dd8a-1bc6-4243-8423-9211995116e7" />
      <TestMethod codeBase="C:/CM0721/OrderMgtTest/bin/Debug/OrderMgtTest.DLL" adapterTypeName="Microsoft.VisualStudio.TestTools.TestTypes.Unit.UnitTestAdapter, Microsoft.VisualStudio.QualityTools.Tips.UnitTest.Adapter, Version=10.0.0.0, Culture=neutral, PublicKeyToken=b03f5f7f11d50a3a" className="OrderMgtTest.UnitTest1, OrderMgtTest, Version=1.0.0.0, Culture=neutral, PublicKeyToken=null" name="TesCustomerWithoutName" />
    </UnitTest>
    <UnitTest name="TestNewCustomer" storage="c:\cm0721\ordermgttest\bin\debug\ordermgttest.dll" id="528ee467-5adb-d2c1-d3ac-8e2ca3a020e3">
      <Execution id="5a5490ff-f8ab-4497-baa0-47889d32880e" />
      <TestMethod codeBase="C:/CM0721/OrderMgtTest/bin/Debug/OrderMgtTest.DLL" adapterTypeName="Microsoft.VisualStudio.TestTools.TestTypes.Unit.UnitTestAdapter, Microsoft.VisualStudio.QualityTools.Tips.UnitTest.Adapter, Version=10.0.0.0, Culture=neutral, PublicKeyToken=b03f5f7f11d50a3a" className="OrderMgtTest.UnitTest1, OrderMgtTest, Version=1.0.0.0, Culture=neutral, PublicKeyToken=null" name="TestNewCustomer" />
    </UnitTest>
    <UnitTest name="TestCreateionOfNullBuilding" storage="c:\cm0721\ordermgttest\bin\debug\ordermgttest.dll" id="ff4eef97-e818-5ecf-36fb-5e9711fc2f26">
      <Execution id="59c85b2e-859b-4d25-886d-eef014176a08" />
      <TestMethod codeBase="C:/CM0721/OrderMgtTest/bin/Debug/OrderMgtTest.DLL" adapterTypeName="Microsoft.VisualStudio.TestTools.TestTypes.Unit.UnitTestAdapter, Microsoft.VisualStudio.QualityTools.Tips.UnitTest.Adapter, Version=10.0.0.0, Culture=neutral, PublicKeyToken=b03f5f7f11d50a3a" className="OrderMgtTest.UnitTest1, OrderMgtTest, Version=1.0.0.0, Culture=neutral, PublicKeyToken=null" name="TestCreateionOfNullBuilding" />
    </UnitTest>
  </TestDefinitions>
  <TestLists>
    <TestList name="Results Not in a List" id="8c84fa94-04c1-424b-9868-57a2d4851a1d" />
    <TestList name="All Loaded Results" id="19431567-8539-422a-85d7-44ee4e166bda" />
  </TestLists>
  <TestEntries>
    <TestEntry testId="ff4eef97-e818-5ecf-36fb-5e9711fc2f26" executionId="59c85b2e-859b-4d25-886d-eef014176a08" testListId="8c84fa94-04c1-424b-9868-57a2d4851a1d" />
    <TestEntry testId="25c0c5d5-ac4c-dd4a-9c8c-10a7524dc0d3" executionId="c28e0441-f0a8-4000-84f3-9fa9e83206c4" testListId="8c84fa94-04c1-424b-9868-57a2d4851a1d" />
    <TestEntry testId="528ee467-5adb-d2c1-d3ac-8e2ca3a020e3" executionId="5a5490ff-f8ab-4497-baa0-47889d32880e" testListId="8c84fa94-04c1-424b-9868-57a2d4851a1d" />
    <TestEntry testId="b166dc93-a169-8afd-c36a-dec1f27f4af4" executionId="a582dd8a-1bc6-4243-8423-9211995116e7" testListId="8c84fa94-04c1-424b-9868-57a2d4851a1d" />
  </TestEntries>
  <Results>
    <UnitTestResult executionId="59c85b2e-859b-4d25-886d-eef014176a08" testId="ff4eef97-e818-5ecf-36fb-5e9711fc2f26" testName="TestCreateionOfNullBuilding" computerName="VAIOSSD" duration="00:00:00.0252051" startTime="2015-04-22T20:37:03.4958168+01:00" endTime="2015-04-22T20:37:04.4028686+01:00" testType="13cdc9d9-ddb5-4fa4-a97d-d965ccfc6d4b" outcome="Passed" testListId="8c84fa94-04c1-424b-9868-57a2d4851a1d" relativeResultsDirectory="59c85b2e-859b-4d25-886d-eef014176a08">
    </UnitTestResult>
    <UnitTestResult executionId="c28e0441-f0a8-4000-84f3-9fa9e83206c4" testId="25c0c5d5-ac4c-dd4a-9c8c-10a7524dc0d3" testName="TestFactoryBuilding" computerName="VAIOSSD" duration="00:00:00.0010735" startTime="2015-04-22T20:37:04.4268700+01:00" endTime="2015-04-22T20:37:04.4368706+01:00" testType="13cdc9d9-ddb5-4fa4-a97d-d965ccfc6d4b" outcome="Passed" testListId="8c84fa94-04c1-424b-9868-57a2d4851a1d" relativeResultsDirectory="c28e0441-f0a8-4000-84f3-9fa9e83206c4">
    </UnitTestResult>
    <UnitTestResult executionId="5a5490ff-f8ab-4497-baa0-47889d32880e" testId="528ee467-5adb-d2c1-d3ac-8e2ca3a020e3" testName="TestNewCustomer" computerName="VAIOSSD" duration="00:00:00.0008610" startTime="2015-04-22T20:37:04.4608720+01:00" endTime="2015-04-22T20:37:04.4678724+01:00" testType="13cdc9d9-ddb5-4fa4-a97d-d965ccfc6d4b" outcome="Passed" testListId="8c84fa94-04c1-424b-9868-57a2d4851a1d" relativeResultsDirectory="5a5490ff-f8ab-4497-baa0-47889d32880e">
    </UnitTestResult>
    <UnitTestResult executionId="a582dd8a-1bc6-4243-8423-9211995116e7" testId="b166dc93-a169-8afd-c36a-dec1f27f4af4" testName="TesCustomerWithoutName" computerName="VAIOSSD" duration="00:01:20.4996043" startTime="2015-04-22T20:37:04.4898736+01:00" endTime="2015-04-22T20:38:24.9894779+01:00" testType="13cdc9d9-ddb5-4fa4-a97d-d965ccfc6d4b" outcome="Aborted" testListId="8c84fa94-04c1-424b-9868-57a2d4851a1d" relativeResultsDirectory="a582dd8a-1bc6-4243-8423-9211995116e7">
    </UnitTestResult>
  </Results>
</TestRun>